interactions:
- request:
    body: null
    headers:
      Accept:
      - '*/*'
      Accept-Encoding:
      - gzip, deflate, br
      Connection:
      - keep-alive
      Host:
      - api.obis.org
      User-Agent:
      - Mozilla/5.0 (Windows NT 10.0; Win64; x64) AppleWebKit/537.36 (KHTML, like
        Gecko)         Chrome/107.0.0.0 Safari/537.36 Edg/107.0.1418.52
    method: GET
    uri: https://api.obis.org/v3/taxon/Mola%20mola?scientificname=Mola+mola
  response:
    body:
      string: '{"total":1,"results":[{"scientificName":"Mola mola","scientificNameAuthorship":"(Linnaeus,
        1758)","taxonID":127405,"bold_id":29489,"ncbi_id":94237,"taxonRank":"Species","taxonomicStatus":"accepted","acceptedNameUsage":"Mola
        mola","acceptedNameUsageID":127405,"is_marine":true,"is_brackish":false,"is_freshwater":false,"is_terrestrial":false,"kingdom":"Animalia","phylum":"Chordata","subphylum":"Vertebrata","infraphylum":"Gnathostomata","superclass":"Actinopteri","class":"Teleostei","order":"Tetraodontiformes","family":"Molidae","genus":"Mola","species":"Mola
        mola","kingdomid":2,"phylumid":1821,"subphylumid":146419,"infraphylumid":1828,"superclassid":843664,"classid":293496,"orderid":10332,"familyid":125609,"genusid":126233,"speciesid":127405,"category":"VU"}]}'
    headers:
      Access-Control-Allow-Origin:
      - '*'
      Connection:
      - keep-alive
      Content-Length:
      - '767'
      Content-Type:
      - application/json; charset=utf-8
      Date:
      - Fri, 30 May 2025 15:48:11 GMT
      ETag:
      - W/"2ff-g7CgwhHltpJI4AZe5mTX7nyiGYs"
      Server:
      - nginx/1.14.0 (Ubuntu)
      Vary:
      - Accept-Encoding
      X-Cache-Date:
      - Fri, 30 May 2025 15:48:11 GMT
      X-Powered-By:
      - Express
    status:
      code: 200
      message: OK
- request:
    body: null
    headers:
      Accept:
      - '*/*'
      Accept-Encoding:
      - gzip, deflate, br
      Connection:
      - keep-alive
      Host:
      - api.obis.org
      User-Agent:
      - Mozilla/5.0 (Windows NT 10.0; Win64; x64) AppleWebKit/537.36 (KHTML, like
        Gecko)         Chrome/107.0.0.0 Safari/537.36 Edg/107.0.1418.52
    method: GET
    uri: https://api.obis.org/v3/taxon/545439
  response:
    body:
      string: '{"total":1,"results":[{"scientificName":"Nuuanu mokari","scientificNameAuthorship":"J.L.
        Barnard, 1974","taxonID":545439,"taxonRank":"Species","taxonomicStatus":"accepted","acceptedNameUsage":"Nuuanu
        mokari","acceptedNameUsageID":545439,"is_marine":true,"is_brackish":false,"is_freshwater":false,"is_terrestrial":false,"kingdom":"Animalia","phylum":"Arthropoda","subphylum":"Crustacea","superclass":"Multicrustacea","class":"Malacostraca","subclass":"Eumalacostraca","superorder":"Peracarida","order":"Amphipoda","suborder":"Senticaudata","infraorder":"Hadziida","parvorder":"Hadziidira","superfamily":"Hadzioidea","family":"Nuuanuidae","genus":"Nuuanu","species":"Nuuanu
        mokari","kingdomid":2,"phylumid":1065,"subphylumid":1066,"superclassid":845959,"classid":1071,"subclassid":1086,"superorderid":1090,"orderid":1135,"suborderid":719424,"infraorderid":719475,"parvorderid":719495,"superfamilyid":719496,"familyid":719504,"genusid":545427,"speciesid":545439}]}'
    headers:
      Access-Control-Allow-Origin:
      - '*'
      Connection:
      - keep-alive
      Content-Length:
      - '961'
      Content-Type:
      - application/json; charset=utf-8
      Date:
      - Fri, 30 May 2025 15:48:12 GMT
      ETag:
      - W/"3c1-wfN8i0aaJ5jC060U5I0WDQ0Perk"
      Server:
      - nginx/1.14.0 (Ubuntu)
      Vary:
      - Accept-Encoding
      X-Cache-Date:
      - Fri, 30 May 2025 15:48:12 GMT
      X-Powered-By:
      - Express
    status:
      code: 200
      message: OK
- request:
    body: null
    headers:
      Accept:
      - '*/*'
      Accept-Encoding:
      - gzip, deflate, br
      Connection:
      - keep-alive
      Host:
      - api.obis.org
      User-Agent:
      - Mozilla/5.0 (Windows NT 10.0; Win64; x64) AppleWebKit/537.36 (KHTML, like
        Gecko)         Chrome/107.0.0.0 Safari/537.36 Edg/107.0.1418.52
    method: GET
    uri: https://api.obis.org/v3/taxon/annotations?scientificname=Abra
  response:
    body:
      string: '{"total":0,"results":[]}'
    headers:
      Access-Control-Allow-Origin:
      - '*'
      Connection:
      - keep-alive
      Content-Length:
      - '24'
      Content-Type:
      - application/json; charset=utf-8
      Date:
      - Fri, 30 May 2025 15:48:13 GMT
      ETag:
      - W/"18-m7KNrmhEci8000BLQz8fM7z0kF0"
      Server:
      - nginx/1.14.0 (Ubuntu)
      Vary:
      - Accept-Encoding
      X-Cache-Date:
      - Fri, 30 May 2025 15:48:13 GMT
      X-Powered-By:
      - Express
    status:
      code: 200
      message: OK
version: 1
